// Jest Snapshot v1, https://goo.gl/fbAQLP

exports[`<TransactionConfirmation /> should render EVMc withdraw variant component 1`] = `
.c0 {
  font-size: 18px;
  line-height: 24px;
  text-align: center;
}

@media only screen and (max-width:768px) {

}

@media only screen and (max-width:768px) {

}

@media only screen and (max-width:768px) {

}

@media only screen and (max-width:768px) {

}

@media only screen and (max-width:768px) {

}

@media only screen and (max-width:768px) {

}

@media only screen and (max-width:768px) {

}

@media only screen and (max-width:768px) {

}

@media only screen and (max-width:768px) {

}

@media only screen and (max-width:768px) {

}

@media only screen and (max-width:768px) {

}

@media only screen and (max-width:768px) {

}

@media only screen and (max-width:768px) {

}

<span
  class="c0"
  data-testid="paraTime-content-description"
>
  <span>
    You are about to withdraw 
  </span>
  <strong>
    <span>
      10 ROSE
    </span>
  </strong>
  <span>
     from 
  </span>
  <strong>
    <span>
      Emerald
    </span>
  </strong>
  <span>
     (EVMc) to 
  </span>
  <strong>
    <span>
      dummyAddress
    </span>
  </strong>
</span>
`;

exports[`<TransactionConfirmation /> should render component 1`] = `
.c0 {
  display: -webkit-box;
  display: -webkit-flex;
  display: -ms-flexbox;
  display: flex;
  box-sizing: border-box;
  max-width: 100%;
  -webkit-align-items: center;
  -webkit-box-align: center;
  -ms-flex-align: center;
  align-items: center;
  min-width: 0;
  min-height: 0;
  -webkit-flex-direction: column;
  -ms-flex-direction: column;
  flex-direction: column;
}

.c2 {
  display: -webkit-box;
  display: -webkit-flex;
  display: -ms-flexbox;
  display: flex;
  box-sizing: border-box;
  max-width: 100%;
  margin-bottom: 48px;
  min-width: 0;
  min-height: 0;
  -webkit-flex-direction: column;
  -ms-flex-direction: column;
  flex-direction: column;
}

.c4 {
  display: -webkit-box;
  display: -webkit-flex;
  display: -ms-flexbox;
  display: flex;
  box-sizing: border-box;
  max-width: 100%;
  margin-bottom: 96px;
  -webkit-align-items: center;
  -webkit-box-align: center;
  -ms-flex-align: center;
  align-items: center;
  min-width: 0;
  min-height: 0;
  -webkit-flex-direction: column;
  -ms-flex-direction: column;
  flex-direction: column;
  width: 100%;
}

.c5 {
  display: -webkit-box;
  display: -webkit-flex;
  display: -ms-flexbox;
  display: flex;
  box-sizing: border-box;
  max-width: 100%;
  margin-bottom: 24px;
  min-width: 0;
  min-height: 0;
  -webkit-flex-direction: column;
  -ms-flex-direction: column;
  flex-direction: column;
}

.c6 {
  display: -webkit-box;
  display: -webkit-flex;
  display: -ms-flexbox;
  display: flex;
  box-sizing: border-box;
  max-width: 100%;
  margin-bottom: 12px;
  min-width: 0;
  min-height: 0;
  -webkit-flex-direction: column;
  -ms-flex-direction: column;
  flex-direction: column;
}

.c7 {
  display: -webkit-box;
  display: -webkit-flex;
  display: -ms-flexbox;
  display: flex;
  box-sizing: border-box;
  max-width: 100%;
  background-color: alert-box-warning-background;
  color: #444444;
  border-left: solid 3px alert-box-warning;
  min-width: 0;
  min-height: 0;
  -webkit-flex-direction: column;
  -ms-flex-direction: column;
  flex-direction: column;
  padding-left: 12px;
  padding-right: 12px;
}

.c8 {
  display: -webkit-box;
  display: -webkit-flex;
  display: -ms-flexbox;
  display: flex;
  box-sizing: border-box;
  max-width: 100%;
  min-width: 0;
  min-height: 0;
  -webkit-flex-direction: row;
  -ms-flex-direction: row;
  flex-direction: row;
  -webkit-box-pack: start;
  -webkit-justify-content: flex-start;
  -ms-flex-pack: start;
  justify-content: flex-start;
  padding-top: 6px;
  padding-bottom: 6px;
}

.c9 {
  display: -webkit-box;
  display: -webkit-flex;
  display: -ms-flexbox;
  display: flex;
  box-sizing: border-box;
  max-width: 100%;
  -webkit-align-items: center;
  -webkit-box-align: center;
  -ms-flex-align: center;
  align-items: center;
  min-width: 0;
  min-height: 0;
  -webkit-flex-direction: row;
  -ms-flex-direction: row;
  flex-direction: row;
}

.c11 {
  display: -webkit-box;
  display: -webkit-flex;
  display: -ms-flexbox;
  display: flex;
  box-sizing: border-box;
  max-width: 100%;
  margin-bottom: 12px;
  min-width: 0;
  min-height: 0;
  -webkit-flex-direction: column;
  -ms-flex-direction: column;
  flex-direction: column;
}

.c12 {
  display: -webkit-box;
  display: -webkit-flex;
  display: -ms-flexbox;
  display: flex;
  box-sizing: border-box;
  max-width: 100%;
  border-bottom: solid 1px rgba(0,0,0,0.33);
  min-width: 0;
  min-height: 0;
  -webkit-flex-direction: column;
  -ms-flex-direction: column;
  flex-direction: column;
  padding: 12px;
}

.c14 {
  display: -webkit-box;
  display: -webkit-flex;
  display: -ms-flexbox;
  display: flex;
  box-sizing: border-box;
  max-width: 100%;
  margin-right: 12px;
  -webkit-align-items: center;
  -webkit-box-align: center;
  -ms-flex-align: center;
  align-items: center;
  min-width: 0;
  min-height: 0;
  -webkit-flex-direction: column;
  -ms-flex-direction: column;
  flex-direction: column;
  -webkit-box-pack: center;
  -webkit-justify-content: center;
  -ms-flex-pack: center;
  justify-content: center;
}

.c17 {
  display: -webkit-box;
  display: -webkit-flex;
  display: -ms-flexbox;
  display: flex;
  box-sizing: border-box;
  max-width: 100%;
  -webkit-align-items: center;
  -webkit-box-align: center;
  -ms-flex-align: center;
  align-items: center;
  border: solid 2px rgba(0,0,0,0.15);
  min-width: 0;
  min-height: 0;
  -webkit-flex-direction: column;
  -ms-flex-direction: column;
  flex-direction: column;
  height: 24px;
  width: 24px;
  -webkit-box-pack: center;
  -webkit-justify-content: center;
  -ms-flex-pack: center;
  justify-content: center;
  border-radius: 4px;
}

.c18 {
  display: -webkit-box;
  display: -webkit-flex;
  display: -ms-flexbox;
  display: flex;
  box-sizing: border-box;
  max-width: 100%;
  margin-bottom: 48px;
  -webkit-align-items: center;
  -webkit-box-align: center;
  -ms-flex-align: center;
  align-items: center;
  min-width: 0;
  min-height: 0;
  -webkit-flex-direction: column;
  -ms-flex-direction: column;
  flex-direction: column;
}

.c13 {
  display: -webkit-box;
  display: -webkit-flex;
  display: -ms-flexbox;
  display: flex;
  -webkit-flex-direction: row;
  -ms-flex-direction: row;
  flex-direction: row;
  -webkit-align-items: center;
  -webkit-box-align: center;
  -ms-flex-align: center;
  align-items: center;
  -webkit-user-select: none;
  -moz-user-select: none;
  -ms-user-select: none;
  user-select: none;
  width: -webkit-fit-content;
  width: -moz-fit-content;
  width: fit-content;
  cursor: pointer;
}

.c13:hover input:not([disabled]) + div,
.c13:hover input:not([disabled]) + span {
  border-color: #000000;
}

.c16 {
  opacity: 0;
  -moz-appearance: none;
  width: 0;
  height: 0;
  margin: 0;
  cursor: pointer;
}

.c16:checked + span > span {
  left: calc( 48px - 24px );
  background: #7D4CDB;
}

.c15 {
  -webkit-flex-shrink: 0;
  -ms-flex-negative: 0;
  flex-shrink: 0;
}

.c3 {
  font-size: 18px;
  line-height: 24px;
  text-align: center;
}

.c10 {
  font-size: 12px;
  line-height: 18px;
  font-weight: bold;
}

.c19 {
  display: inline-block;
  box-sizing: border-box;
  cursor: pointer;
  font: inherit;
  -webkit-text-decoration: none;
  text-decoration: none;
  margin: 0;
  background: transparent;
  overflow: visible;
  text-transform: none;
  border: 2px solid #7D4CDB;
  border-radius: 18px;
  color: #444444;
  padding: 4px 22px;
  font-size: 18px;
  line-height: 24px;
  background-color: #7D4CDB;
  color: #f8f8f8;
  border-radius: 18px;
  -webkit-transition-property: color,background-color,border-color,box-shadow;
  transition-property: color,background-color,border-color,box-shadow;
  -webkit-transition-duration: 0.1s;
  transition-duration: 0.1s;
  -webkit-transition-timing-function: ease-in-out;
  transition-timing-function: ease-in-out;
  width: 100%;
}

.c19:hover {
  box-shadow: 0px 0px 0px 2px #7D4CDB;
}

.c19:focus {
  outline: none;
  box-shadow: 0 0 2px 2px #6FFFB0;
}

.c19:focus > circle,
.c19:focus > ellipse,
.c19:focus > line,
.c19:focus > path,
.c19:focus > polygon,
.c19:focus > polyline,
.c19:focus > rect {
  outline: none;
  box-shadow: 0 0 2px 2px #6FFFB0;
}

.c19:focus::-moz-focus-inner {
  border: 0;
}

.c19:focus:not(:focus-visible) {
  outline: none;
  box-shadow: none;
}

.c19:focus:not(:focus-visible) > circle,
.c19:focus:not(:focus-visible) > ellipse,
.c19:focus:not(:focus-visible) > line,
.c19:focus:not(:focus-visible) > path,
.c19:focus:not(:focus-visible) > polygon,
.c19:focus:not(:focus-visible) > polyline,
.c19:focus:not(:focus-visible) > rect {
  outline: none;
  box-shadow: none;
}

.c19:focus:not(:focus-visible)::-moz-focus-inner {
  border: 0;
}

.c1 {
  margin-bottom: 48px;
  font-size: 34px;
  line-height: 40px;
  max-width: 816px;
  font-weight: 600;
  overflow-wrap: break-word;
}

@media only screen and (max-width:768px) {
  .c2 {
    margin-bottom: 24px;
  }
}

@media only screen and (max-width:768px) {
  .c5 {
    margin-bottom: 12px;
  }
}

@media only screen and (max-width:768px) {
  .c7 {
    border-left: solid 3px alert-box-warning;
  }
}

@media only screen and (max-width:768px) {
  .c7 {
    padding-left: 6px;
    padding-right: 6px;
  }
}

@media only screen and (max-width:768px) {
  .c8 {
    padding-top: 3px;
    padding-bottom: 3px;
  }
}

@media only screen and (max-width:768px) {
  .c11 {
    margin-bottom: 6px;
  }
}

@media only screen and (max-width:768px) {
  .c12 {
    border-bottom: solid 1px rgba(0,0,0,0.33);
  }
}

@media only screen and (max-width:768px) {
  .c12 {
    padding: 6px;
  }
}

@media only screen and (max-width:768px) {
  .c14 {
    margin-right: 6px;
  }
}

@media only screen and (max-width:768px) {
  .c17 {
    border: solid 2px rgba(0,0,0,0.15);
  }
}

@media only screen and (max-width:768px) {
  .c18 {
    margin-bottom: 24px;
  }
}

@media only screen and (max-width:768px) {
  .c1 {
    margin-bottom: 24px;
  }
}

@media only screen and (max-width:768px) {
  .c1 {
    font-size: 26px;
    line-height: 32px;
    max-width: 624px;
  }
}

<div>
  <div
    class="c0"
    style="max-width: min(100%, 550px);"
  >
    <h2
      class="c1"
    >
      Deposit to ParaTime
    </h2>
    <div
      class="c2"
    >
      <span
        class="c3"
        data-testid="paraTime-content-description"
      >
        <span>
          You are about to deposit 
        </span>
        <strong>
          <span>
            10 ROSE
          </span>
        </strong>
        <span>
           to 
        </span>
        <strong>
          <span>
            dummyAddress
          </span>
        </strong>
        <span>
           on 
        </span>
        <strong>
          <span>
            Cipher
          </span>
        </strong>
        <span>
           
        </span>
      </span>
    </div>
    <div
      class="c4"
    >
      <form>
        <div
          class="c5"
        >
          <div
            class="c6"
          >
            <div
              class="c7"
            >
              <div
                class="c8"
              >
                <div
                  class="c9"
                >
                  <span
                    class="c10"
                    style="vertical-align: middle;"
                  >
                    <span
                      class="c3"
                    >
                      Please confirm the deposit amount and the recipient address are correct and then click "Deposit".
                    </span>
                  </span>
                </div>
              </div>
            </div>
          </div>
          <div
            class="c11 "
          >
            <div
              class="c12 "
            >
              <label
                class="c13"
              >
                <div
                  class="c14 c15"
                >
                  <input
                    class="c16"
                    name="confirmTransfer"
                    type="checkbox"
                  />
                  <div
                    class="c17 "
                  />
                </div>
                <span>
                  I confirm the amount and the address are correct
                </span>
              </label>
            </div>
          </div>
        </div>
        <div
          class="c18"
        >
          <div
            class="c5"
          >
            <button
              class="c19"
              type="submit"
            >
              Deposit
            </button>
          </div>
        </div>
      </form>
    </div>
  </div>
</div>
`;
