// Jest Snapshot v1, https://goo.gl/fbAQLP

exports[`<Footer /> should render mobile version of footer 1`] = `
.c0 {
  display: -webkit-box;
  display: -webkit-flex;
  display: -ms-flexbox;
  display: flex;
  box-sizing: border-box;
  max-width: 100%;
  margin-top: auto;
  margin-bottom: 0px;
  -webkit-align-items: center;
  -webkit-box-align: center;
  -ms-flex-align: center;
  align-items: center;
  min-width: 0;
  min-height: 0;
  -webkit-flex-direction: column;
  -ms-flex-direction: column;
  flex-direction: column;
  -webkit-box-pack: center;
  -webkit-justify-content: center;
  -ms-flex-pack: center;
  justify-content: center;
  padding-left: 24px;
  padding-right: 24px;
  padding-top: 1rem;
  border-radius: 5px;
}

.c1 {
  display: -webkit-box;
  display: -webkit-flex;
  display: -ms-flexbox;
  display: flex;
  box-sizing: border-box;
  max-width: 100%;
  min-width: 0;
  min-height: 0;
  -webkit-flex-direction: column;
  -ms-flex-direction: column;
  flex-direction: column;
}

.c6 {
  display: -webkit-box;
  display: -webkit-flex;
  display: -ms-flexbox;
  display: flex;
  box-sizing: border-box;
  max-width: 100%;
  margin-left: 6px;
  margin-right: 6px;
  min-width: 0;
  min-height: 0;
  -webkit-flex-direction: column;
  -ms-flex-direction: column;
  flex-direction: column;
}

.c4 {
  -webkit-flex: 0 0 auto;
  -ms-flex: 0 0 auto;
  flex: 0 0 auto;
  -webkit-align-self: stretch;
  -ms-flex-item-align: stretch;
  align-self: stretch;
  height: 0;
}

.c3 {
  box-sizing: border-box;
  display: -webkit-inline-box;
  display: -webkit-inline-flex;
  display: -ms-inline-flexbox;
  display: inline-flex;
  font-size: 14px;
  line-height: 20px;
  color: #0500e2;
  font-weight: 600;
  -webkit-text-decoration: none;
  text-decoration: none;
  cursor: pointer;
}

.c3:hover {
  -webkit-text-decoration: underline;
  text-decoration: underline;
}

.c2 {
  margin-bottom: 12px;
  font-size: 14px;
  line-height: 20px;
  text-align: center;
}

.c5 {
  margin-top: 12px;
  font-size: 14px;
  line-height: 20px;
  text-align: center;
}

@media only screen and (max-width:768px) {
  .c0 {
    margin-top: auto;
  }
}

@media only screen and (max-width:768px) {
  .c0 {
    margin-bottom: 0px;
  }
}

@media only screen and (max-width:768px) {
  .c0 {
    padding-left: 12px;
    padding-right: 12px;
  }
}

@media only screen and (max-width:768px) {
  .c0 {
    padding-top: 1rem;
  }
}

@media only screen and (max-width:768px) {
  .c6 {
    margin-left: 3px;
  }
}

@media only screen and (max-width:768px) {
  .c6 {
    margin-right: 3px;
  }
}

<footer
  class="c0"
  data-testid="footer"
>
  <div
    class="c1"
    style="flex: 1; align-self: center;"
  >
    <span
      class="c2"
      style="display: inline-flex; flex-direction: column;"
    >
      <span>
        <span>
          ROSE Wallet is 
        </span>
        <a
          class="c3"
          href="https://github.com/oasisprotocol/wallet/"
          rel="noopener noreferrer"
          target="_blank"
        >
          <span>
            open source
          </span>
        </a>
        <span>
           and powered by
        </span>
        <br />
        <span>
          Nexus API & Oasis gRPC
        </span>
      </span>
    </span>
  </div>
  <div
    class="c4"
  />
  <div
    class="c1"
    style="flex: 1; align-self: center;"
  >
    <span
      class="c5"
    >
      <div
        class="c1"
        style="display: inline-flex; flex-direction: row;"
      >
        <a
          class="c3"
          href="https://wallet.oasis.io/t-c.pdf"
          rel="noopener noreferrer"
          target="_blank"
        >
          <span>
            Terms and Conditions
          </span>
        </a>
        <div
          class="c6"
          style="display: inline-block;"
        >
          |
        </div>
      </div>
      <span>
        <span>
          Version: 
        </span>
        <a
          class="c3"
          href="https://github.com/oasisprotocol/wallet/releases/tag/v1.0.0-dev.1"
          rel="noopener noreferrer"
          target="_blank"
        >
          1.0.0-dev.1
        </a>
        <br />
        <span>
           (commit: 
        </span>
        <a
          class="c3"
          href="https://github.com/oasisprotocol/wallet/commit/sha0000000000000000000000000000000000000"
          rel="noopener noreferrer"
          target="_blank"
        >
          sha0000
        </a>
        <span>
          ) built at 1/1/1970, 12:00:00 AM
        </span>
      </span>
    </span>
  </div>
  <div
    class="c4"
  />
  <span
    class="c5"
  >
    <span>
      Weâ€™d love your feedback at 
    </span>
    <a
      class="c3"
      href="mailto:wallet@oasisprotocol.org"
    >
      <span>
        wallet@oasisprotocol.org
      </span>
    </a>
  </span>
</footer>
`;
