// Jest Snapshot v1, https://goo.gl/fbAQLP

exports[`<ThemeSelect  /> should match snapshot 1`] = `
.c6 {
  display: inline-block;
  -webkit-flex: 0 0 auto;
  -ms-flex: 0 0 auto;
  flex: 0 0 auto;
  width: 24px;
  height: 24px;
  fill: currentColor;
  stroke: currentColor;
}

.c6 g {
  fill: inherit;
  stroke: inherit;
}

.c6 *:not([stroke])[fill='none'] {
  stroke-width: 0;
}

.c6 *[stroke*='#'],
.c6 *[STROKE*='#'] {
  stroke: inherit;
  fill: none;
}

.c6 *[fill-rule],
.c6 *[FILL-RULE],
.c6 *[fill*='#'],
.c6 *[FILL*='#'] {
  fill: inherit;
  stroke: none;
}

.c15 {
  display: inline-block;
  -webkit-flex: 0 0 auto;
  -ms-flex: 0 0 auto;
  flex: 0 0 auto;
  width: 20px;
  height: 20px;
  fill: #0500e2;
  stroke: #0500e2;
}

.c15 g {
  fill: inherit;
  stroke: inherit;
}

.c15 *:not([stroke])[fill='none'] {
  stroke-width: 0;
}

.c15 *[stroke*='#'],
.c15 *[STROKE*='#'] {
  stroke: inherit;
  fill: none;
}

.c15 *[fill-rule],
.c15 *[FILL-RULE],
.c15 *[fill*='#'],
.c15 *[FILL*='#'] {
  fill: inherit;
  stroke: none;
}

.c0 {
  font-family: Rubik,sans-serif;
  font-size: 16px;
  line-height: 20px;
  background-color: #ffffff;
  color: #16213E;
  box-sizing: border-box;
  -webkit-text-size-adjust: 100%;
  -ms-text-size-adjust: 100%;
  -moz-osx-font-smoothing: grayscale;
  -webkit-font-smoothing: antialiased;
}

.c1 {
  display: -webkit-box;
  display: -webkit-flex;
  display: -ms-flexbox;
  display: flex;
  box-sizing: border-box;
  max-width: 100%;
  margin-bottom: 12px;
  min-width: 0;
  min-height: 0;
  -webkit-flex-direction: column;
  -ms-flex-direction: column;
  flex-direction: column;
}

.c3 {
  display: -webkit-box;
  display: -webkit-flex;
  display: -ms-flexbox;
  display: flex;
  box-sizing: border-box;
  max-width: 100%;
  min-width: 0;
  min-height: 0;
  -webkit-flex-direction: column;
  -ms-flex-direction: column;
  flex-direction: column;
}

.c9 {
  display: -webkit-box;
  display: -webkit-flex;
  display: -ms-flexbox;
  display: flex;
  box-sizing: border-box;
  max-width: 100%;
  -webkit-align-items: center;
  -webkit-box-align: center;
  -ms-flex-align: center;
  align-items: center;
  min-width: 0;
  min-height: 0;
  -webkit-flex-direction: row;
  -ms-flex-direction: row;
  flex-direction: row;
  -webkit-box-pack: justify;
  -webkit-justify-content: space-between;
  -ms-flex-pack: justify;
  justify-content: space-between;
}

.c10 {
  display: -webkit-box;
  display: -webkit-flex;
  display: -ms-flexbox;
  display: flex;
  box-sizing: border-box;
  min-width: 0;
  min-height: 0;
  -webkit-flex-direction: row;
  -ms-flex-direction: row;
  flex-direction: row;
  -webkit-flex: 1 1;
  -ms-flex: 1 1;
  flex: 1 1;
  -webkit-flex-basis: auto;
  -ms-flex-preferred-size: auto;
  flex-basis: auto;
}

.c14 {
  display: -webkit-box;
  display: -webkit-flex;
  display: -ms-flexbox;
  display: flex;
  box-sizing: border-box;
  max-width: 100%;
  margin-left: 12px;
  margin-right: 12px;
  min-width: 0;
  min-height: 0;
  -webkit-flex-direction: column;
  -ms-flex-direction: column;
  flex-direction: column;
  -webkit-flex: 0 0 auto;
  -ms-flex: 0 0 auto;
  flex: 0 0 auto;
}

.c2 {
  margin-left: 12px;
  margin-right: 12px;
  margin-top: 6px;
  margin-bottom: 6px;
  font-size: 16px;
  line-height: 20px;
}

.c7 {
  display: inline-block;
  box-sizing: border-box;
  cursor: pointer;
  font: inherit;
  -webkit-text-decoration: none;
  text-decoration: none;
  margin: 0;
  background: transparent;
  overflow: visible;
  text-transform: none;
  color: inherit;
  outline: none;
  border: none;
  padding: 0;
  text-align: inherit;
}

.c7:focus {
  outline: none;
  box-shadow: 0 0 2px 2px #00A9FF;
}

.c7:focus > circle,
.c7:focus > ellipse,
.c7:focus > line,
.c7:focus > path,
.c7:focus > polygon,
.c7:focus > polyline,
.c7:focus > rect {
  outline: none;
  box-shadow: 0 0 2px 2px #00A9FF;
}

.c7:focus::-moz-focus-inner {
  border: 0;
}

.c7:focus:not(:focus-visible) {
  outline: none;
  box-shadow: none;
}

.c7:focus:not(:focus-visible) > circle,
.c7:focus:not(:focus-visible) > ellipse,
.c7:focus:not(:focus-visible) > line,
.c7:focus:not(:focus-visible) > path,
.c7:focus:not(:focus-visible) > polygon,
.c7:focus:not(:focus-visible) > polyline,
.c7:focus:not(:focus-visible) > rect {
  outline: none;
  box-shadow: none;
}

.c7:focus:not(:focus-visible)::-moz-focus-inner {
  border: 0;
}

.c12 {
  box-sizing: border-box;
  font-size: inherit;
  font-family: inherit;
  border: none;
  -webkit-appearance: none;
  background: transparent;
  color: inherit;
  width: 100%;
  padding-left: 5px;
  padding-right: 5px;
  padding-top: 12px;
  padding-bottom: 12px;
  font-weight: 600;
  margin: 0;
  border: 1px solid rgba(0,0,0,0.33);
  border-radius: 4px;
  border: none;
  outline: none;
  border: none;
}

.c12::-webkit-input-placeholder {
  color: #AAAAAA;
}

.c12::-moz-placeholder {
  color: #AAAAAA;
}

.c12:-ms-input-placeholder {
  color: #AAAAAA;
}

.c12::-webkit-search-decoration {
  -webkit-appearance: none;
}

.c12::-moz-focus-inner {
  border: none;
  outline: none;
}

.c12:-moz-placeholder,
.c12::-moz-placeholder {
  opacity: 1;
}

.c12::-webkit-input-placeholder {
  font-size: 14px;
}

.c12::-moz-placeholder {
  font-size: 14px;
}

.c12:-ms-input-placeholder {
  font-size: 14px;
}

.c12::placeholder {
  font-size: 14px;
}

.c11 {
  position: relative;
  width: 100%;
}

.c13 {
  cursor: pointer;
}

.c8 {
  border: 1px solid rgba(0,0,0,0.33);
  border-radius: 4px;
}

.c4 {
  position: relative;
  -webkit-flex-direction: row;
  -ms-flex-direction: row;
  flex-direction: row;
}

.c5 {
  position: absolute;
  top: 10px;
  left: 12px;
}

@media only screen and (max-width:768px) {
  .c1 {
    margin-bottom: 6px;
  }
}

@media only screen and (max-width:768px) {
  .c14 {
    margin-left: 6px;
    margin-right: 6px;
  }
}

<div
  class="c0"
  style="min-height: 100dvh;"
>
  <div
    class="c1 "
    style="margin: 0px;"
  >
    <label
      class="c2"
    >
      theme.title
    </label>
    <div
      class="c3 "
    >
      <div
        class="c3 c4"
      >
        <div
          class="c3 c5"
        >
          <svg
            aria-label="theme.lightMode"
            class="c6"
            viewBox="0 0 24 24"
          >
            <path
              d="M12 4V2m0 20v-2m8-8h2M2 12h2m13.657-5.657L19.07 4.93M4.93 19.07l1.414-1.414m0-11.314L4.93 4.93m14.14 14.14-1.414-1.414M12 17a5 5 0 1 0 0-10 5 5 0 0 0 0 10z"
              fill="none"
              stroke="#000"
              stroke-linecap="round"
              stroke-linejoin="round"
              stroke-width="2"
            />
          </svg>
        </div>
        <button
          aria-expanded="false"
          aria-haspopup="listbox"
          aria-label="Open Drop; Selected: light"
          class="c7 c8"
          id="theme"
          type="button"
        >
          <div
            class="c9"
          >
            <div
              class="c10"
            >
              <div
                class="c11"
              >
                <input
                  autocomplete="off"
                  class="c12 c13"
                  id="theme__input"
                  name="theme"
                  readonly=""
                  style="padding-left: 50px;"
                  tabindex="-1"
                  type="text"
                  value="theme.lightMode"
                />
              </div>
            </div>
            <div
              class="c14"
              style="min-width: auto;"
            >
              <svg
                aria-label="FormDown"
                class="c15"
                viewBox="0 0 24 24"
              >
                <path
                  d="m18 9-6 6-6-6"
                  fill="none"
                  stroke="#000"
                  stroke-width="2"
                />
              </svg>
            </div>
          </div>
        </button>
      </div>
    </div>
  </div>
</div>
`;
