// Jest Snapshot v1, https://goo.gl/fbAQLP

exports[`<AddressFormatter  /> should match snapshot 1`] = `
.c0 {
  font-family: Rubik,sans-serif;
  font-size: 16px;
  line-height: 20px;
  background-color: #ffffff;
  color: #16213E;
  box-sizing: border-box;
  -webkit-text-size-adjust: 100%;
  -ms-text-size-adjust: 100%;
  -moz-osx-font-smoothing: grayscale;
  -webkit-font-smoothing: antialiased;
}

.c1 {
  display: -webkit-box;
  display: -webkit-flex;
  display: -ms-flexbox;
  display: flex;
  box-sizing: border-box;
  max-width: 100%;
  min-width: 0;
  min-height: 0;
  -webkit-flex-direction: column;
  -ms-flex-direction: column;
  flex-direction: column;
}

.c3 {
  font-size: inherit;
  line-height: normal;
}

.c2 {
  display: -webkit-inline-box;
  display: -webkit-inline-flex;
  display: -ms-inline-flexbox;
  display: inline-flex;
  -webkit-flex-wrap: wrap;
  -ms-flex-wrap: wrap;
  flex-wrap: wrap;
  -webkit-flex-direction: row;
  -ms-flex-direction: row;
  flex-direction: row;
  gap: 3px;
}

.c4 {
  padding-right: 12px;
  white-space: nowrap;
  font-weight: bold;
  color: #565b61;
}

<div
  class="c0"
  style="min-height: 100dvh;"
>
  <div
    class="c1 c2"
  >
    <span
      class="c3 c4"
      data-testid="address-formatter-name"
    >
      My Contact
    </span>
    <span
      class="c3"
      style="overflow-wrap: anywhere;"
    >
      oasis1qq2v...sv0d5eq4
    </span>
  </div>
</div>
`;
