// Jest Snapshot v1, https://goo.gl/fbAQLP

exports[`<Contacts  /> should match snapshot 1`] = `
.c0 {
  font-family: Rubik,sans-serif;
  font-size: 16px;
  line-height: 20px;
  background-color: #ffffff;
  color: #16213E;
  box-sizing: border-box;
  -webkit-text-size-adjust: 100%;
  -ms-text-size-adjust: 100%;
  -moz-osx-font-smoothing: grayscale;
  -webkit-font-smoothing: antialiased;
}

.c1 {
  display: -webkit-box;
  display: -webkit-flex;
  display: -ms-flexbox;
  display: flex;
  box-sizing: border-box;
  max-width: 100%;
  min-width: 0;
  min-height: 0;
  -webkit-flex-direction: column;
  -ms-flex-direction: column;
  flex-direction: column;
  -webkit-flex: 1 0 auto;
  -ms-flex: 1 0 auto;
  flex: 1 0 auto;
  -webkit-box-pack: justify;
  -webkit-justify-content: space-between;
  -ms-flex-pack: justify;
  justify-content: space-between;
}

.c3 {
  display: -webkit-box;
  display: -webkit-flex;
  display: -ms-flexbox;
  display: flex;
  box-sizing: border-box;
  max-width: 100%;
  border: solid 1px #0500e2;
  min-width: 0;
  min-height: 0;
  -webkit-flex-direction: row;
  -ms-flex-direction: row;
  flex-direction: row;
  -webkit-flex: 0 0 auto;
  -ms-flex: 0 0 auto;
  flex: 0 0 auto;
  padding: 12px;
  border-radius: 5px;
  cursor: pointer;
}

.c3:hover {
  background-color: rgba(183,183,183,0.5);
  color: black;
}

.c4 {
  display: -webkit-box;
  display: -webkit-flex;
  display: -ms-flexbox;
  display: flex;
  box-sizing: border-box;
  max-width: 100%;
  min-width: 0;
  min-height: 0;
  -webkit-flex-direction: column;
  -ms-flex-direction: column;
  flex-direction: column;
  width: 100%;
}

.c5 {
  display: -webkit-box;
  display: -webkit-flex;
  display: -ms-flexbox;
  display: flex;
  box-sizing: border-box;
  max-width: 100%;
  min-width: 0;
  min-height: 0;
  -webkit-flex-direction: column;
  -ms-flex-direction: column;
  flex-direction: column;
}

.c7 {
  display: -webkit-box;
  display: -webkit-flex;
  display: -ms-flexbox;
  display: flex;
  box-sizing: border-box;
  max-width: 100%;
  min-width: 0;
  min-height: 0;
  -webkit-flex-direction: row;
  -ms-flex-direction: row;
  flex-direction: row;
  -webkit-flex-wrap: wrap;
  -ms-flex-wrap: wrap;
  flex-wrap: wrap;
}

.c8 {
  display: -webkit-box;
  display: -webkit-flex;
  display: -ms-flexbox;
  display: flex;
  box-sizing: border-box;
  max-width: 100%;
  min-width: 0;
  min-height: 0;
  -webkit-flex-direction: row;
  -ms-flex-direction: row;
  flex-direction: row;
}

.c12 {
  display: -webkit-box;
  display: -webkit-flex;
  display: -ms-flexbox;
  display: flex;
  box-sizing: border-box;
  max-width: 100%;
  -webkit-align-items: flex-end;
  -webkit-box-align: flex-end;
  -ms-flex-align: flex-end;
  align-items: flex-end;
  min-width: 0;
  min-height: 0;
  -webkit-flex-direction: column;
  -ms-flex-direction: column;
  flex-direction: column;
}

.c2 {
  display: -webkit-box;
  display: -webkit-flex;
  display: -ms-flexbox;
  display: flex;
  box-sizing: border-box;
  max-width: 100%;
  margin-bottom: 48px;
  margin-left: -2px;
  min-width: 0;
  min-height: 0;
  -webkit-flex-direction: column;
  -ms-flex-direction: column;
  flex-direction: column;
  padding-left: 2px;
  padding-right: 12px;
  overflow-y: auto;
}

.c11 {
  -webkit-flex: 0 0 auto;
  -ms-flex: 0 0 auto;
  flex: 0 0 auto;
  -webkit-align-self: stretch;
  -ms-flex-item-align: stretch;
  align-self: stretch;
  height: 24px;
}

.c6 {
  font-size: 16px;
  line-height: 20px;
  font-weight: bold;
}

.c9 {
  display: inline-block;
  box-sizing: border-box;
  cursor: pointer;
  font: inherit;
  -webkit-text-decoration: none;
  text-decoration: none;
  margin: 0;
  background: transparent;
  overflow: visible;
  text-transform: none;
  border: 2px solid #0500e2;
  border-radius: 18px;
  color: #16213E;
  padding: 4px 20px;
  font-size: 14px;
  line-height: 20px;
  background-color: #0500e2;
  color: #F8F8F8;
  border-radius: 18px;
  -webkit-transition-property: color,background-color,border-color,box-shadow;
  transition-property: color,background-color,border-color,box-shadow;
  -webkit-transition-duration: 0.1s;
  transition-duration: 0.1s;
  -webkit-transition-timing-function: ease-in-out;
  transition-timing-function: ease-in-out;
  font-weight: bold;
}

.c9:hover {
  background-color: rgba(183,183,183,0.4);
  color: #000000;
  box-shadow: 0px 0px 0px 2px #0500e2;
}

.c9:focus {
  outline: none;
  box-shadow: 0 0 2px 2px #00A9FF;
}

.c9:focus > circle,
.c9:focus > ellipse,
.c9:focus > line,
.c9:focus > path,
.c9:focus > polygon,
.c9:focus > polyline,
.c9:focus > rect {
  outline: none;
  box-shadow: 0 0 2px 2px #00A9FF;
}

.c9:focus::-moz-focus-inner {
  border: 0;
}

.c9:focus:not(:focus-visible) {
  outline: none;
  box-shadow: none;
}

.c9:focus:not(:focus-visible) > circle,
.c9:focus:not(:focus-visible) > ellipse,
.c9:focus:not(:focus-visible) > line,
.c9:focus:not(:focus-visible) > path,
.c9:focus:not(:focus-visible) > polygon,
.c9:focus:not(:focus-visible) > polyline,
.c9:focus:not(:focus-visible) > rect {
  outline: none;
  box-shadow: none;
}

.c9:focus:not(:focus-visible)::-moz-focus-inner {
  border: 0;
}

.c13 {
  display: inline-block;
  box-sizing: border-box;
  cursor: pointer;
  font: inherit;
  -webkit-text-decoration: none;
  text-decoration: none;
  margin: 0;
  background: transparent;
  overflow: visible;
  text-transform: none;
  border: 2px solid #0500e2;
  border-radius: 4px;
  color: #16213E;
  padding: 4px 22px;
  font-size: 16px;
  line-height: 20px;
  background-color: #0500e2;
  color: #F8F8F8;
  border-radius: 4px;
  -webkit-transition-property: color,background-color,border-color,box-shadow;
  transition-property: color,background-color,border-color,box-shadow;
  -webkit-transition-duration: 0.1s;
  transition-duration: 0.1s;
  -webkit-transition-timing-function: ease-in-out;
  transition-timing-function: ease-in-out;
  font-weight: bold;
}

.c13:hover {
  box-shadow: 0px 0px 0px 2px #0500e2;
}

.c13:focus {
  outline: none;
  box-shadow: 0 0 2px 2px #00A9FF;
}

.c13:focus > circle,
.c13:focus > ellipse,
.c13:focus > line,
.c13:focus > path,
.c13:focus > polygon,
.c13:focus > polyline,
.c13:focus > rect {
  outline: none;
  box-shadow: 0 0 2px 2px #00A9FF;
}

.c13:focus::-moz-focus-inner {
  border: 0;
}

.c13:focus:not(:focus-visible) {
  outline: none;
  box-shadow: none;
}

.c13:focus:not(:focus-visible) > circle,
.c13:focus:not(:focus-visible) > ellipse,
.c13:focus:not(:focus-visible) > line,
.c13:focus:not(:focus-visible) > path,
.c13:focus:not(:focus-visible) > polygon,
.c13:focus:not(:focus-visible) > polyline,
.c13:focus:not(:focus-visible) > rect {
  outline: none;
  box-shadow: none;
}

.c13:focus:not(:focus-visible)::-moz-focus-inner {
  border: 0;
}

.c10 {
  border-radius: 4px;
}

@media only screen and (max-width:768px) {

}

@media only screen and (max-width:768px) {

}

@media only screen and (max-width:768px) {

}

@media only screen and (max-width:768px) {

}

@media only screen and (max-width:768px) {
  .c3 {
    border: solid 1px #0500e2;
  }
}

@media only screen and (max-width:768px) {
  .c3 {
    padding: 6px;
  }
}

@media only screen and (max-width:768px) {
  .c2 {
    margin-bottom: 24px;
  }
}

@media only screen and (max-width:768px) {
  .c2 {
    margin-left: -2px;
  }
}

@media only screen and (max-width:768px) {
  .c2 {
    padding-left: 2px;
  }
}

@media only screen and (max-width:768px) {
  .c2 {
    padding-right: 6px;
  }
}

@media only screen and (max-width:768px) {

}

@media only screen and (max-width:768px) {
  .c11 {
    height: 12px;
  }
}

<div
  class="c0"
  style="min-height: 100dvh;"
>
  <div
    class="c1"
  >
    <div
      class="c2"
      style="max-height: 400px;"
    >
      <div
        aria-checked="false"
        class="c3"
        data-testid="account-choice"
        role="checkbox"
        tabindex="0"
      >
        <div
          class="c4"
        >
          <div
            class="c5"
            data-testid="account-name"
          >
            <span
              class="c6"
            >
              My Contact
            </span>
          </div>
          <div
            class="c5"
          >
            <span
              class="c6"
            >
              <span
                class="notranslate"
                translate="no"
              >
                oasis1qq2v...sv0d5eq4
              </span>
            </span>
          </div>
          <div
            class="c7"
          >
            <div
              class="c8"
            >
              <button
                class="c9 c10"
                type="button"
              >
                Manage
              </button>
            </div>
          </div>
        </div>
      </div>
    </div>
    <div
      class="c11"
    />
    <div
      class="c12"
    >
      <button
        class="c13"
        type="button"
      >
        Add contact
      </button>
    </div>
  </div>
</div>
`;
