// Jest Snapshot v1, https://goo.gl/fbAQLP

exports[`<TransactionError /> should render EVMc withdraw variant component 1`] = `
.c0 {
  font-size: 18px;
  line-height: 24px;
  text-align: center;
}

@media only screen and (max-width:768px) {

}

@media only screen and (max-width:768px) {

}

@media only screen and (max-width:768px) {

}

@media only screen and (max-width:768px) {

}

@media only screen and (max-width:768px) {

}

@media only screen and (max-width:768px) {

}

@media only screen and (max-width:768px) {

}

@media only screen and (max-width:768px) {

}

@media only screen and (max-width:768px) {

}

@media only screen and (max-width:768px) {

}

<span
  class="c0"
  data-testid="paraTime-content-description"
>
  <span>
    Transaction failed. We were not able to complete withdrawal of 
  </span>
  <strong>
    <span>
      10 ROSE
    </span>
  </strong>
  <span>
     from 
  </span>
  <strong>
    <span>
      Emerald
    </span>
  </strong>
  <span>
     (EVMc) to 
  </span>
  <strong>
    <span>
      dummyAddress
    </span>
  </strong>
</span>
`;

exports[`<TransactionError /> should render component 1`] = `
.c6 {
  display: inline-block;
  -webkit-flex: 0 0 auto;
  -ms-flex: 0 0 auto;
  flex: 0 0 auto;
  width: 80px;
  height: 80px;
  fill: #B30000;
  stroke: #B30000;
}

.c6 g {
  fill: inherit;
  stroke: inherit;
}

.c6 *:not([stroke])[fill='none'] {
  stroke-width: 0;
}

.c6 *[stroke*='#'],
.c6 *[STROKE*='#'] {
  stroke: inherit;
  fill: none;
}

.c6 *[fill-rule],
.c6 *[FILL-RULE],
.c6 *[fill*='#'],
.c6 *[FILL*='#'] {
  fill: inherit;
  stroke: none;
}

.c0 {
  display: -webkit-box;
  display: -webkit-flex;
  display: -ms-flexbox;
  display: flex;
  box-sizing: border-box;
  max-width: 100%;
  -webkit-align-items: center;
  -webkit-box-align: center;
  -ms-flex-align: center;
  align-items: center;
  min-width: 0;
  min-height: 0;
  -webkit-flex-direction: column;
  -ms-flex-direction: column;
  flex-direction: column;
}

.c2 {
  display: -webkit-box;
  display: -webkit-flex;
  display: -ms-flexbox;
  display: flex;
  box-sizing: border-box;
  max-width: 100%;
  margin-bottom: 48px;
  min-width: 0;
  min-height: 0;
  -webkit-flex-direction: column;
  -ms-flex-direction: column;
  flex-direction: column;
}

.c4 {
  display: -webkit-box;
  display: -webkit-flex;
  display: -ms-flexbox;
  display: flex;
  box-sizing: border-box;
  max-width: 100%;
  margin-bottom: 96px;
  -webkit-align-items: center;
  -webkit-box-align: center;
  -ms-flex-align: center;
  align-items: center;
  min-width: 0;
  min-height: 0;
  -webkit-flex-direction: column;
  -ms-flex-direction: column;
  flex-direction: column;
  width: 100%;
}

.c5 {
  display: -webkit-box;
  display: -webkit-flex;
  display: -ms-flexbox;
  display: flex;
  box-sizing: border-box;
  max-width: 100%;
  margin-bottom: 24px;
  -webkit-align-items: center;
  -webkit-box-align: center;
  -ms-flex-align: center;
  align-items: center;
  min-width: 0;
  min-height: 0;
  -webkit-flex-direction: column;
  -ms-flex-direction: column;
  flex-direction: column;
}

.c8 {
  display: -webkit-box;
  display: -webkit-flex;
  display: -ms-flexbox;
  display: flex;
  box-sizing: border-box;
  max-width: 100%;
  background-color: alert-box-error-background;
  color: #444444;
  border-left: solid 3px alert-box-error;
  min-width: 0;
  min-height: 0;
  -webkit-flex-direction: column;
  -ms-flex-direction: column;
  flex-direction: column;
  padding-left: 12px;
  padding-right: 12px;
}

.c9 {
  display: -webkit-box;
  display: -webkit-flex;
  display: -ms-flexbox;
  display: flex;
  box-sizing: border-box;
  max-width: 100%;
  min-width: 0;
  min-height: 0;
  -webkit-flex-direction: row;
  -ms-flex-direction: row;
  flex-direction: row;
  -webkit-box-pack: start;
  -webkit-justify-content: flex-start;
  -ms-flex-pack: start;
  justify-content: flex-start;
  padding-top: 6px;
  padding-bottom: 6px;
}

.c10 {
  display: -webkit-box;
  display: -webkit-flex;
  display: -ms-flexbox;
  display: flex;
  box-sizing: border-box;
  max-width: 100%;
  -webkit-align-items: center;
  -webkit-box-align: center;
  -ms-flex-align: center;
  align-items: center;
  min-width: 0;
  min-height: 0;
  -webkit-flex-direction: row;
  -ms-flex-direction: row;
  flex-direction: row;
}

.c13 {
  display: -webkit-box;
  display: -webkit-flex;
  display: -ms-flexbox;
  display: flex;
  box-sizing: border-box;
  max-width: 100%;
  margin-bottom: 48px;
  -webkit-align-items: center;
  -webkit-box-align: center;
  -ms-flex-align: center;
  align-items: center;
  min-width: 0;
  min-height: 0;
  -webkit-flex-direction: column;
  -ms-flex-direction: column;
  flex-direction: column;
}

.c14 {
  display: -webkit-box;
  display: -webkit-flex;
  display: -ms-flexbox;
  display: flex;
  box-sizing: border-box;
  max-width: 100%;
  margin-bottom: 24px;
  min-width: 0;
  min-height: 0;
  -webkit-flex-direction: column;
  -ms-flex-direction: column;
  flex-direction: column;
}

.c7 {
  -webkit-flex: 0 0 auto;
  -ms-flex: 0 0 auto;
  flex: 0 0 auto;
  -webkit-align-self: stretch;
  -ms-flex-item-align: stretch;
  align-self: stretch;
  height: 24px;
}

.c12 {
  -webkit-flex: 0 0 auto;
  -ms-flex: 0 0 auto;
  flex: 0 0 auto;
  -webkit-align-self: stretch;
  -ms-flex-item-align: stretch;
  align-self: stretch;
  height: 24px;
}

.c3 {
  font-size: 18px;
  line-height: 24px;
  text-align: center;
}

.c11 {
  font-size: 12px;
  line-height: 18px;
  font-weight: bold;
}

.c1 {
  margin-bottom: 48px;
  font-size: 34px;
  line-height: 40px;
  max-width: 816px;
  font-weight: 600;
  overflow-wrap: break-word;
}

.c15 {
  display: inline-block;
  box-sizing: border-box;
  cursor: pointer;
  font: inherit;
  -webkit-text-decoration: none;
  text-decoration: none;
  margin: 0;
  background: transparent;
  overflow: visible;
  text-transform: none;
  border: 2px solid #7D4CDB;
  border-radius: 18px;
  color: #444444;
  padding: 4px 22px;
  font-size: 18px;
  line-height: 24px;
  background-color: #7D4CDB;
  color: #f8f8f8;
  border-radius: 18px;
  -webkit-transition-property: color,background-color,border-color,box-shadow;
  transition-property: color,background-color,border-color,box-shadow;
  -webkit-transition-duration: 0.1s;
  transition-duration: 0.1s;
  -webkit-transition-timing-function: ease-in-out;
  transition-timing-function: ease-in-out;
  width: 100%;
}

.c15:hover {
  box-shadow: 0px 0px 0px 2px #7D4CDB;
}

.c15:focus {
  outline: none;
  box-shadow: 0 0 2px 2px #6FFFB0;
}

.c15:focus > circle,
.c15:focus > ellipse,
.c15:focus > line,
.c15:focus > path,
.c15:focus > polygon,
.c15:focus > polyline,
.c15:focus > rect {
  outline: none;
  box-shadow: 0 0 2px 2px #6FFFB0;
}

.c15:focus::-moz-focus-inner {
  border: 0;
}

.c15:focus:not(:focus-visible) {
  outline: none;
  box-shadow: none;
}

.c15:focus:not(:focus-visible) > circle,
.c15:focus:not(:focus-visible) > ellipse,
.c15:focus:not(:focus-visible) > line,
.c15:focus:not(:focus-visible) > path,
.c15:focus:not(:focus-visible) > polygon,
.c15:focus:not(:focus-visible) > polyline,
.c15:focus:not(:focus-visible) > rect {
  outline: none;
  box-shadow: none;
}

.c15:focus:not(:focus-visible)::-moz-focus-inner {
  border: 0;
}

@media only screen and (max-width:768px) {
  .c2 {
    margin-bottom: 24px;
  }
}

@media only screen and (max-width:768px) {
  .c5 {
    margin-bottom: 12px;
  }
}

@media only screen and (max-width:768px) {
  .c8 {
    border-left: solid 3px alert-box-error;
  }
}

@media only screen and (max-width:768px) {
  .c8 {
    padding-left: 6px;
    padding-right: 6px;
  }
}

@media only screen and (max-width:768px) {
  .c9 {
    padding-top: 3px;
    padding-bottom: 3px;
  }
}

@media only screen and (max-width:768px) {
  .c13 {
    margin-bottom: 24px;
  }
}

@media only screen and (max-width:768px) {
  .c14 {
    margin-bottom: 12px;
  }
}

@media only screen and (max-width:768px) {
  .c7 {
    height: 12px;
  }
}

@media only screen and (max-width:768px) {
  .c1 {
    margin-bottom: 24px;
  }
}

@media only screen and (max-width:768px) {
  .c1 {
    font-size: 26px;
    line-height: 32px;
    max-width: 624px;
  }
}

<div>
  <div
    class="c0"
    style="max-width: min(100%, 550px);"
  >
    <h2
      class="c1"
    >
      Deposit to ParaTime
    </h2>
    <div
      class="c2"
    >
      <span
        class="c3"
        data-testid="paraTime-content-description"
      >
        <span>
          Transaction failed. We were not able to complete deposit of 
        </span>
        <strong>
          <span>
            10 ROSE
          </span>
        </strong>
        <span>
           to 
        </span>
        <strong>
          <span>
            dummyAddress
          </span>
        </strong>
        <span>
           on 
        </span>
        <strong>
          <span>
            Cipher
          </span>
        </strong>
        <span>
           
        </span>
      </span>
    </div>
    <div
      class="c4"
    >
      <div
        class="c5"
      >
        <svg
          aria-label="Status is critical"
          class="c6"
          viewBox="0 0 24 24"
        >
          <path
            d="M12.703 2.703a.99.99 0 0 0-1.406 0l-8.594 8.594a.99.99 0 0 0 0 1.406l8.594 8.594a.99.99 0 0 0 1.406 0l8.594-8.594a.99.99 0 0 0 0-1.406l-8.594-8.594zM8.983 14.7 14.7 8.983m-5.717 0L14.7 14.7"
            fill="none"
            stroke="#000"
            stroke-width="2"
          />
        </svg>
        <div
          class="c7"
        />
        <div
          class="c8"
        >
          <div
            class="c9"
          >
            <div
              class="c10"
            >
              <span
                class="c11"
                style="vertical-align: middle;"
              >
                <span>
                  Unknown ParaTime error: error message
                </span>
              </span>
            </div>
          </div>
        </div>
      </div>
      <div
        class="c12"
      />
      <div
        class="c13"
      >
        <div
          class="c14"
        >
          <button
            class="c15"
            type="button"
          >
            Navigate to ParaTime Transfers
          </button>
        </div>
      </div>
    </div>
  </div>
</div>
`;
