// Jest Snapshot v1, https://goo.gl/fbAQLP

exports[`<Profile  /> should render unavailable state 1`] = `
.c9 {
  display: inline-block;
  -webkit-flex: 0 0 auto;
  -ms-flex: 0 0 auto;
  flex: 0 0 auto;
  width: 24px;
  height: 24px;
  fill: currentColor;
  stroke: currentColor;
}

.c9 g {
  fill: inherit;
  stroke: inherit;
}

.c9 *:not([stroke])[fill='none'] {
  stroke-width: 0;
}

.c9 *[stroke*='#'],
.c9 *[STROKE*='#'] {
  stroke: inherit;
  fill: none;
}

.c9 *[fill-rule],
.c9 *[FILL-RULE],
.c9 *[fill*='#'],
.c9 *[FILL*='#'] {
  fill: inherit;
  stroke: none;
}

.c17 {
  display: inline-block;
  -webkit-flex: 0 0 auto;
  -ms-flex: 0 0 auto;
  flex: 0 0 auto;
  width: 20px;
  height: 20px;
  fill: currentColor;
  stroke: currentColor;
}

.c17 g {
  fill: inherit;
  stroke: inherit;
}

.c17 *:not([stroke])[fill='none'] {
  stroke-width: 0;
}

.c17 *[stroke*='#'],
.c17 *[STROKE*='#'] {
  stroke: inherit;
  fill: none;
}

.c17 *[fill-rule],
.c17 *[FILL-RULE],
.c17 *[fill*='#'],
.c17 *[FILL*='#'] {
  fill: inherit;
  stroke: none;
}

.c0 {
  font-family: Rubik,sans-serif;
  font-size: 16px;
  line-height: 20px;
  background-color: #ffffff;
  color: #16213E;
  box-sizing: border-box;
  -webkit-text-size-adjust: 100%;
  -ms-text-size-adjust: 100%;
  -moz-osx-font-smoothing: grayscale;
  -webkit-font-smoothing: antialiased;
}

.c1 {
  display: -webkit-box;
  display: -webkit-flex;
  display: -ms-flexbox;
  display: flex;
  box-sizing: border-box;
  max-width: 100%;
  min-width: 0;
  min-height: 0;
  -webkit-flex-direction: column;
  -ms-flex-direction: column;
  flex-direction: column;
  -webkit-flex: 1 0 auto;
  -ms-flex: 1 0 auto;
  flex: 1 0 auto;
}

.c2 {
  display: -webkit-box;
  display: -webkit-flex;
  display: -ms-flexbox;
  display: flex;
  box-sizing: border-box;
  max-width: 100%;
  min-width: 0;
  min-height: 0;
  -webkit-flex-direction: column;
  -ms-flex-direction: column;
  flex-direction: column;
  max-width: 384px;
}

.c3 {
  display: -webkit-box;
  display: -webkit-flex;
  display: -ms-flexbox;
  display: flex;
  box-sizing: border-box;
  max-width: 100%;
  margin-bottom: 12px;
  min-width: 0;
  min-height: 0;
  -webkit-flex-direction: column;
  -ms-flex-direction: column;
  flex-direction: column;
}

.c4 {
  display: -webkit-box;
  display: -webkit-flex;
  display: -ms-flexbox;
  display: flex;
  box-sizing: border-box;
  max-width: 100%;
  border-bottom: solid 1px rgba(0,0,0,0.33);
  min-width: 0;
  min-height: 0;
  -webkit-flex-direction: column;
  -ms-flex-direction: column;
  flex-direction: column;
}

.c5 {
  display: -webkit-box;
  display: -webkit-flex;
  display: -ms-flexbox;
  display: flex;
  box-sizing: border-box;
  max-width: 100%;
  -webkit-align-items: center;
  -webkit-box-align: center;
  -ms-flex-align: center;
  align-items: center;
  min-width: 0;
  min-height: 0;
  -webkit-flex-direction: row;
  -ms-flex-direction: row;
  flex-direction: row;
}

.c10 {
  display: -webkit-box;
  display: -webkit-flex;
  display: -ms-flexbox;
  display: flex;
  box-sizing: border-box;
  max-width: 100%;
  margin-top: 24px;
  min-width: 0;
  min-height: 0;
  -webkit-flex-direction: row;
  -ms-flex-direction: row;
  flex-direction: row;
}

.c12 {
  display: -webkit-box;
  display: -webkit-flex;
  display: -ms-flexbox;
  display: flex;
  box-sizing: border-box;
  max-width: 100%;
  margin-top: 40px;
  min-width: 0;
  min-height: 0;
  -webkit-flex-direction: row;
  -ms-flex-direction: row;
  flex-direction: row;
  -webkit-box-pack: justify;
  -webkit-justify-content: space-between;
  -ms-flex-pack: justify;
  justify-content: space-between;
}

.c16 {
  display: -webkit-box;
  display: -webkit-flex;
  display: -ms-flexbox;
  display: flex;
  box-sizing: border-box;
  max-width: 100%;
  -webkit-align-items: center;
  -webkit-box-align: center;
  -ms-flex-align: center;
  align-items: center;
  min-width: 0;
  min-height: 0;
  -webkit-flex-direction: row;
  -ms-flex-direction: row;
  flex-direction: row;
  -webkit-box-pack: center;
  -webkit-justify-content: center;
  -ms-flex-pack: center;
  justify-content: center;
}

.c14 {
  -webkit-flex: 0 0 auto;
  -ms-flex: 0 0 auto;
  flex: 0 0 auto;
  -webkit-align-self: stretch;
  -ms-flex-item-align: stretch;
  align-self: stretch;
  width: 24px;
}

.c18 {
  -webkit-flex: 0 0 auto;
  -ms-flex: 0 0 auto;
  flex: 0 0 auto;
  -webkit-align-self: stretch;
  -ms-flex-item-align: stretch;
  align-self: stretch;
  width: 12px;
}

.c8 {
  display: inline-block;
  box-sizing: border-box;
  cursor: pointer;
  font: inherit;
  -webkit-text-decoration: none;
  text-decoration: none;
  margin: 0;
  background: transparent;
  overflow: visible;
  text-transform: none;
  color: inherit;
  outline: none;
  border: none;
  padding: 0;
  text-align: inherit;
  line-height: 0;
  padding: 12px;
}

.c8:focus {
  outline: none;
  box-shadow: 0 0 2px 2px #00A9FF;
}

.c8:focus > circle,
.c8:focus > ellipse,
.c8:focus > line,
.c8:focus > path,
.c8:focus > polygon,
.c8:focus > polyline,
.c8:focus > rect {
  outline: none;
  box-shadow: 0 0 2px 2px #00A9FF;
}

.c8:focus::-moz-focus-inner {
  border: 0;
}

.c8:focus:not(:focus-visible) {
  outline: none;
  box-shadow: none;
}

.c8:focus:not(:focus-visible) > circle,
.c8:focus:not(:focus-visible) > ellipse,
.c8:focus:not(:focus-visible) > line,
.c8:focus:not(:focus-visible) > path,
.c8:focus:not(:focus-visible) > polygon,
.c8:focus:not(:focus-visible) > polyline,
.c8:focus:not(:focus-visible) > rect {
  outline: none;
  box-shadow: none;
}

.c8:focus:not(:focus-visible)::-moz-focus-inner {
  border: 0;
}

.c11 {
  display: inline-block;
  box-sizing: border-box;
  cursor: pointer;
  font: inherit;
  -webkit-text-decoration: none;
  text-decoration: none;
  margin: 0;
  background: transparent;
  overflow: visible;
  text-transform: none;
  border: 2px solid #0500e2;
  border-radius: 4px;
  color: #16213E;
  padding: 4px 22px;
  font-size: 16px;
  line-height: 20px;
  background-color: #0500e2;
  color: #F8F8F8;
  border-radius: 4px;
  -webkit-transition-property: color,background-color,border-color,box-shadow;
  transition-property: color,background-color,border-color,box-shadow;
  -webkit-transition-duration: 0.1s;
  transition-duration: 0.1s;
  -webkit-transition-timing-function: ease-in-out;
  transition-timing-function: ease-in-out;
  font-weight: bold;
}

.c11:hover {
  box-shadow: 0px 0px 0px 2px #0500e2;
}

.c11:focus {
  outline: none;
  box-shadow: 0 0 2px 2px #00A9FF;
}

.c11:focus > circle,
.c11:focus > ellipse,
.c11:focus > line,
.c11:focus > path,
.c11:focus > polygon,
.c11:focus > polyline,
.c11:focus > rect {
  outline: none;
  box-shadow: 0 0 2px 2px #00A9FF;
}

.c11:focus::-moz-focus-inner {
  border: 0;
}

.c11:focus:not(:focus-visible) {
  outline: none;
  box-shadow: none;
}

.c11:focus:not(:focus-visible) > circle,
.c11:focus:not(:focus-visible) > ellipse,
.c11:focus:not(:focus-visible) > line,
.c11:focus:not(:focus-visible) > path,
.c11:focus:not(:focus-visible) > polygon,
.c11:focus:not(:focus-visible) > polyline,
.c11:focus:not(:focus-visible) > rect {
  outline: none;
  box-shadow: none;
}

.c11:focus:not(:focus-visible)::-moz-focus-inner {
  border: 0;
}

.c13 {
  display: inline-block;
  box-sizing: border-box;
  cursor: pointer;
  font: inherit;
  -webkit-text-decoration: none;
  text-decoration: none;
  margin: 0;
  background: transparent;
  overflow: visible;
  text-transform: none;
  border: 2px solid #d24c00;
  border-radius: 4px;
  color: #16213E;
  padding: 4px 22px;
  font-size: 16px;
  line-height: 20px;
  background-color: #d24c00;
  color: #F8F8F8;
  border-radius: 4px;
  -webkit-transition-property: color,background-color,border-color,box-shadow;
  transition-property: color,background-color,border-color,box-shadow;
  -webkit-transition-duration: 0.1s;
  transition-duration: 0.1s;
  -webkit-transition-timing-function: ease-in-out;
  transition-timing-function: ease-in-out;
  font-weight: bold;
}

.c13:hover {
  box-shadow: 0px 0px 0px 2px #d24c00;
}

.c13:focus {
  outline: none;
  box-shadow: 0 0 2px 2px #00A9FF;
}

.c13:focus > circle,
.c13:focus > ellipse,
.c13:focus > line,
.c13:focus > path,
.c13:focus > polygon,
.c13:focus > polyline,
.c13:focus > rect {
  outline: none;
  box-shadow: 0 0 2px 2px #00A9FF;
}

.c13:focus::-moz-focus-inner {
  border: 0;
}

.c13:focus:not(:focus-visible) {
  outline: none;
  box-shadow: none;
}

.c13:focus:not(:focus-visible) > circle,
.c13:focus:not(:focus-visible) > ellipse,
.c13:focus:not(:focus-visible) > line,
.c13:focus:not(:focus-visible) > path,
.c13:focus:not(:focus-visible) > polygon,
.c13:focus:not(:focus-visible) > polyline,
.c13:focus:not(:focus-visible) > rect {
  outline: none;
  box-shadow: none;
}

.c13:focus:not(:focus-visible)::-moz-focus-inner {
  border: 0;
}

.c15 {
  display: inline-block;
  box-sizing: border-box;
  cursor: pointer;
  font: inherit;
  -webkit-text-decoration: none;
  text-decoration: none;
  margin: 0;
  background: transparent;
  overflow: visible;
  text-transform: none;
  border: 2px solid #0500e2;
  border-radius: 4px;
  color: #16213E;
  padding: 4px 22px;
  font-size: 16px;
  line-height: 20px;
  -webkit-transition-property: color,background-color,border-color,box-shadow;
  transition-property: color,background-color,border-color,box-shadow;
  -webkit-transition-duration: 0.1s;
  transition-duration: 0.1s;
  -webkit-transition-timing-function: ease-in-out;
  transition-timing-function: ease-in-out;
  font-weight: bold;
}

.c15:hover {
  box-shadow: 0px 0px 0px 2px #0500e2;
}

.c15:focus {
  outline: none;
  box-shadow: 0 0 2px 2px #00A9FF;
}

.c15:focus > circle,
.c15:focus > ellipse,
.c15:focus > line,
.c15:focus > path,
.c15:focus > polygon,
.c15:focus > polyline,
.c15:focus > rect {
  outline: none;
  box-shadow: 0 0 2px 2px #00A9FF;
}

.c15:focus::-moz-focus-inner {
  border: 0;
}

.c15:focus:not(:focus-visible) {
  outline: none;
  box-shadow: none;
}

.c15:focus:not(:focus-visible) > circle,
.c15:focus:not(:focus-visible) > ellipse,
.c15:focus:not(:focus-visible) > line,
.c15:focus:not(:focus-visible) > path,
.c15:focus:not(:focus-visible) > polygon,
.c15:focus:not(:focus-visible) > polyline,
.c15:focus:not(:focus-visible) > rect {
  outline: none;
  box-shadow: none;
}

.c15:focus:not(:focus-visible)::-moz-focus-inner {
  border: 0;
}

.c7 {
  box-sizing: border-box;
  font-size: inherit;
  font-family: inherit;
  border: none;
  -webkit-appearance: none;
  background: transparent;
  color: inherit;
  width: 100%;
  padding-left: 5px;
  padding-right: 5px;
  padding-top: 12px;
  padding-bottom: 12px;
  font-weight: 600;
  margin: 0;
  border: 1px solid rgba(0,0,0,0.33);
  border-radius: 4px;
  outline: none;
  border: none;
}

.c7:focus {
  outline: none;
  box-shadow: 0 0 2px 2px #00A9FF;
}

.c7:focus > circle,
.c7:focus > ellipse,
.c7:focus > line,
.c7:focus > path,
.c7:focus > polygon,
.c7:focus > polyline,
.c7:focus > rect {
  outline: none;
  box-shadow: 0 0 2px 2px #00A9FF;
}

.c7:focus::-moz-focus-inner {
  border: 0;
}

.c7::-webkit-input-placeholder {
  color: #AAAAAA;
}

.c7::-moz-placeholder {
  color: #AAAAAA;
}

.c7:-ms-input-placeholder {
  color: #AAAAAA;
}

.c7::-webkit-search-decoration {
  -webkit-appearance: none;
}

.c7::-moz-focus-inner {
  border: none;
  outline: none;
}

.c7:-moz-placeholder,
.c7::-moz-placeholder {
  opacity: 1;
}

.c7::-webkit-input-placeholder {
  font-size: 14px;
}

.c7::-moz-placeholder {
  font-size: 14px;
}

.c7:-ms-input-placeholder {
  font-size: 14px;
}

.c7::placeholder {
  font-size: 14px;
}

.c6 {
  position: relative;
  width: 100%;
}

@media only screen and (max-width:768px) {
  .c3 {
    margin-bottom: 6px;
  }
}

@media only screen and (max-width:768px) {
  .c4 {
    border-bottom: solid 1px rgba(0,0,0,0.33);
  }
}

@media only screen and (max-width:768px) {
  .c10 {
    margin-top: 12px;
  }
}

@media only screen and (max-width:768px) {
  .c12 {
    margin-top: 40px;
  }
}

@media only screen and (max-width:768px) {
  .c14 {
    width: 12px;
  }
}

<div
  class="c0"
  style="min-height: 100dvh;"
>
  <div
    class="c1"
  >
    <form
      autocapitalize="off"
      autocomplete="off"
      autocorrect="off"
      spellcheck="false"
    >
      <label
        for="currentPassword"
      >
        Set a new password
      </label>
      <div
        class="c2"
      >
        <div
          class="c3 "
        >
          <div
            class="c4 "
          >
            <div
              class="c5"
            >
              <div
                class="c6"
              >
                <input
                  autocapitalize="off"
                  autocomplete="off"
                  autocorrect="off"
                  class="c7"
                  id="currentPassword"
                  name="currentPassword"
                  placeholder="Current password"
                  spellcheck="false"
                  type="password"
                  value=""
                />
              </div>
              <button
                aria-label="Show password"
                class="c8"
                type="button"
              >
                <svg
                  aria-label="Hide"
                  class="c9"
                  viewBox="0 0 24 24"
                >
                  <path
                    d="M12 17c-2.727 0-6-2.778-6-5s3.273-5 6-5 6 2.778 6 5-3.273 5-6 5zm-1-5a1 1 0 1 0 2 0 1 1 0 0 0-2 0zm9-7L4 19"
                    fill="none"
                    stroke="#000"
                    stroke-width="2"
                  />
                </svg>
              </button>
            </div>
          </div>
        </div>
      </div>
      <div
        class="c2"
      >
        <div
          class="c3 "
        >
          <div
            class="c4 "
          >
            <div
              class="c5"
            >
              <div
                class="c6"
              >
                <input
                  autocapitalize="off"
                  autocomplete="off"
                  autocorrect="off"
                  class="c7"
                  id="password1"
                  name="password1"
                  placeholder="New password"
                  spellcheck="false"
                  type="password"
                  value=""
                />
              </div>
              <button
                aria-label="Show password"
                class="c8"
                type="button"
              >
                <svg
                  aria-label="Hide"
                  class="c9"
                  viewBox="0 0 24 24"
                >
                  <path
                    d="M12 17c-2.727 0-6-2.778-6-5s3.273-5 6-5 6 2.778 6 5-3.273 5-6 5zm-1-5a1 1 0 1 0 2 0 1 1 0 0 0-2 0zm9-7L4 19"
                    fill="none"
                    stroke="#000"
                    stroke-width="2"
                  />
                </svg>
              </button>
            </div>
          </div>
        </div>
      </div>
      <div
        class="c2"
      >
        <div
          class="c3 "
        >
          <div
            class="c4 "
          >
            <div
              class="c5"
            >
              <div
                class="c6"
              >
                <input
                  autocapitalize="off"
                  autocomplete="off"
                  autocorrect="off"
                  class="c7"
                  id="password2"
                  name="password2"
                  placeholder="Re-enter new password"
                  spellcheck="false"
                  type="password"
                  value=""
                />
              </div>
              <button
                aria-label="Show password"
                class="c8"
                type="button"
              >
                <svg
                  aria-label="Hide"
                  class="c9"
                  viewBox="0 0 24 24"
                >
                  <path
                    d="M12 17c-2.727 0-6-2.778-6-5s3.273-5 6-5 6 2.778 6 5-3.273 5-6 5zm-1-5a1 1 0 1 0 2 0 1 1 0 0 0-2 0zm9-7L4 19"
                    fill="none"
                    stroke="#000"
                    stroke-width="2"
                  />
                </svg>
              </button>
            </div>
          </div>
        </div>
      </div>
      <div
        class="c10"
      >
        <button
          class="c11"
          type="submit"
        >
          Update password
        </button>
      </div>
    </form>
  </div>
  <div
    class="c12"
  >
    <button
      class="c13"
      type="button"
    >
      Delete profile
    </button>
    <div
      class="c14"
    />
    <button
      class="c15"
      data-testid="profile-modal-lock-wallet"
      type="button"
    >
      <div
        class="c16"
      >
        <svg
          aria-label="Lock"
          class="c17"
          viewBox="0 0 24 24"
        >
          <path
            d="M18 8h-1V6c0-2.76-2.24-5-5-5S7 3.24 7 6v2H6c-1.1 0-2 .9-2 2v10c0 1.1.9 2 2 2h12c1.1 0 2-.9 2-2V10c0-1.1-.9-2-2-2m-6 9c-1.1 0-2-.9-2-2s.9-2 2-2 2 .9 2 2-.9 2-2 2m3.1-9H8.9V6c0-1.71 1.39-3.1 3.1-3.1 1.71 0 3.1 1.39 3.1 3.1z"
            fill="#333"
          />
        </svg>
        <div
          class="c18"
        />
        Lock profile
      </div>
    </button>
  </div>
</div>
`;
