// Jest Snapshot v1, https://goo.gl/fbAQLP

exports[`<App /> should render and match the snapshot 1`] = `
<FatalErrorHandler>
  <IonicNativePlatformProvider>
    <ModalProvider>
      <Helmet
        defaultTitle="ROSE Wallet"
        defer={true}
        encodeSpecialCharacters={true}
        htmlAttributes={
          {
            "lang": "en-US",
          }
        }
        prioritizeSeoTags={false}
        titleTemplate="%s - ROSE Wallet"
      >
        <meta
          content="A wallet for Oasis"
          name="description"
        />
      </Helmet>
      <BuildBanner />
      <Box
        background="background-back"
        direction="row-responsive"
        fill={true}
        style={
          {
            "minHeight": "100dvh",
          }
        }
      >
        <PersistLoadingGate>
          <UnlockGate>
            <Navigation />
            <Box
              flex={true}
              pad={
                {
                  "top": undefined,
                }
              }
            >
              <Main>
                <Toolbar />
                <Outlet />
                <PageFooter />
              </Main>
            </Box>
          </UnlockGate>
        </PersistLoadingGate>
      </Box>
    </ModalProvider>
  </IonicNativePlatformProvider>
</FatalErrorHandler>
`;
